	09-14 10:14:36.715  5944  5944 F DEBUG   :       #13 pc 0000000000ae1580  /data/app/com.netease.yanxuan-YLeR3gwwgd3DyIUBNJZ8cA==/oat/arm64/base.odex (io.netty.util.concurrent.SingleThreadEventExecutor$2.run+128)
	09-14 10:14:36.715  5944  5944 F DEBUG   :       #14 pc 0000000000adf068  /data/app/com.netease.yanxuan-YLeR3gwwgd3DyIUBNJZ8cA==/oat/arm64/base.odex (io.netty.util.concurrent.DefaultThreadFactory$DefaultRunnableDecorator.run+72)
	09-14 10:14:36.715  5944  5944 F DEBUG   :       #15 pc 00000000004afbb8  /system/framework/arm64/boot.oat (java.lang.Thread.run+72) (BuildId: 65cd48ea51183eb3b4cdfeb64ca2b90a9de89ffe)
	09-14 10:14:36.715  5944  5944 F DEBUG   :       #16 pc 0000000000137334  /apex/com.android.runtime/lib64/libart.so (art_quick_invoke_stub+548) (BuildId: fc24b8afa1bd5f1872cc1a38bcfa1cdc)
	09-14 10:14:36.715  5944  5944 F DEBUG   :       #17 pc 0000000000145fec  /apex/com.android.runtime/lib64/libart.so (art::ArtMethod::Invoke(art::Thread*, unsigned int*, unsigned int, art::JValue*, char const*)+244) (BuildId: fc24b8afa1bd5f1872cc1a38bcfa1cdc)
	09-14 10:14:36.715  5944  5944 F DEBUG   :       #18 pc 00000000004b0d98  /apex/com.android.runtime/lib64/libart.so (art::(anonymous namespace)::InvokeWithArgArray(art::ScopedObjectAccessAlreadyRunnable const&, art::ArtMethod*, art::(anonymous namespace)::ArgArray*, art::JValue*, char const*)+104) (BuildId: fc24b8afa1bd5f1872cc1a38bcfa1cdc)
	09-14 10:14:36.715  5944  5944 F DEBUG   :       #19 pc 00000000004b1eac  /apex/com.android.runtime/lib64/libart.so (art::InvokeVirtualOrInterfaceWithJValues(art::ScopedObjectAccessAlreadyRunnable const&, _jobject*, _jmethodID*, jvalue const*)+416) (BuildId: fc24b8afa1bd5f1872cc1a38bcfa1cdc)
	09-14 10:14:36.715  5944  5944 F DEBUG   :       #20 pc 00000000004f2868  /apex/com.android.runtime/lib64/libart.so (art::Thread::CreateCallback(void*)+1176) (BuildId: fc24b8afa1bd5f1872cc1a38bcfa1cdc)
	09-14 10:14:36.715  5944  5944 F DEBUG   :       #21 pc 00000000000e69e0  /apex/com.android.runtime/lib64/bionic/libc.so (__pthread_start(void*)+36) (BuildId: 1eb18e444251dc07dff5ebd93fce105c)
	09-14 10:14:36.715  5944  5944 F DEBUG   :       #22 pc 0000000000084b6c  /apex/com.android.runtime/lib64/bionic/libc.so (__start_thread+64) (BuildId: 1eb18e444251dc07dff5ebd93fce105c)
	09-14 10:14:36.716  5687  5780 V WZP     : [Thread-17] Start init channel
	09-14 10:14:36.717  5687  5780 V WZPEncryptableCodecHandler: [nioEventLoopGroup-4-1] Receive EncryptHandshakeRequestEvent
	09-14 10:14:36.717  5687  5780 V WZP     : [Thread-17] Init channel finish
	09-14 10:14:36.717  5687  5780 V WZP     : [Thread-13] Init channel finish
	09-14 10:14:36.717  5687  5780 V WZPEncryptableCodecHandler: [nioEventLoopGroup-4-1] Write handshake unit
	09-14 10:14:36.717  5687  5780 V WZPEncryptableCodecHandler: [nioEventLoopGroup-4-1] Write finish
	09-14 10:14:36.717  5687  5780 V WZPEncryptableCodecHandler: [nioEventLoopGroup-4-2] Receive EncryptHandshakeRequestEvent
	09-14 10:14:36.717  5687  5780 W AddressConnectTracer: [Thread-12] Connect success /59.111.182.48:9801
	09-14 10:14:36.718  5687  5785 D YanXuan : wzp request end...
	09-14 10:14:36.718  5687  5788 D YanXuan : wzp request end...
	09-14 10:14:36.718  5687  5780 W AddressConnectTracer: [Thread-12] Channel initialize start /59.111.182.48:9801
	09-14 10:14:36.720  5687  5780 W AddressConnectTracer: [Thread-12] Channel initialize finish /59.111.182.48:9801
	09-14 10:14:36.721  5687  5780 W AddressConnectTracer: [Thread-12] New channel is created for address: AddressUnit{cacheId=':12:137', list=[/59.111.182.48:9801], address=null}
	09-14 10:14:36.724  5687  5780 V WZP     : [Thread-12] Start init channel
	09-14 10:14:36.724  5687  5780 V WZPEncryptableCodecHandler: [nioEventLoopGroup-4-1] Handshake result: continue
	09-14 10:14:36.724  5687  5780 V WZPEncryptableCodecHandler: [nioEventLoopGroup-4-2] Write handshake unit
	09-14 10:14:36.724  5687  5780 V WZP     : [Thread-12] Init channel finish
	09-14 10:14:36.724  5687  5780 V WZPEncryptableCodecHandler: [nioEventLoopGroup-4-2] Write finish
	09-14 10:14:36.724  5687  5780 V WZPEncryptableCodecHandler: [nioEventLoopGroup-4-2] Receive EncryptHandshakeRequestEvent
	09-14 10:14:36.724  5687  5780 V WZPEncryptableCodecHandler: [nioEventLoopGroup-4-2] Write handshake unit
	09-14 10:14:36.724  5687  5780 V WZPEncryptableCodecHandler: [nioEventLoopGroup-4-2] Write finish
	09-14 10:14:36.724  5687  5780 V WZPEncryptableCodecHandler: [nioEventLoopGroup-4-2] Handshake result: continue
	09-14 10:14:36.724  5687  5780 V WZPEncryptableCodecHandler: [nioEventLoopGroup-4-2] Handshake result: continue
	09-14 10:14:36.725  5687  5780 W AddressConnectTracer: [Thread-15] Connect success /59.111.182.48:9801
	09-14 10:14:36.727  5687  5780 W AddressConnectTracer: [Thread-15] Channel initialize start /59.111.182.48:9801
	09-14 10:14:36.729  5687  5780 W AddressConnectTracer: [Thread-15] Channel initialize finish 59.111.182.48/59.111.182.48:9801
	09-14 10:14:36.739  5687  5687 D ForceDarkHelper: updateByCheckExcludeList: pkg: com.netease.yanxuan activity: com.netease.yanxuan.module.mainpage.activity.MainPageActivity@c645f1c
	09-14 10:14:36.739  2512  2512 D NavBarTintController: onSampleCollected 1.0
	09-14 10:14:36.740  1862  5738 D CompatibilityInfo: mCompatibilityFlags - 0
	09-14 10:14:36.740  1862  5738 D CompatibilityInfo: applicationDensity - 440
	09-14 10:14:36.740  1862  5738 D CompatibilityInfo: applicationScale - 1.0
	09-14 10:14:36.743  5687  5780 V WZPChannel: [Thread-13] Start sending request #8
	09-14 10:14:36.743  5687  5780 W AddressConnectTracer: [Thread-15] New channel is created for address: AddressUnit{cacheId=':12:137', list=[59.111.182.48/59.111.182.48:9801], address=59.111.182.48/59.111.182.48:9801}
	09-14 10:14:36.745  5687  5780 V WZP     : [Thread-15] Start init channel
	09-14 10:14:36.745  5687  5780 V WZP     : [Thread-15] Init channel finish
	09-14 10:14:36.745  5687  5780 V WZPEncryptableCodecHandler: [nioEventLoopGroup-4-4] Receive EncryptHandshakeRequestEvent
	09-14 10:14:36.745  5687  5780 V WZPEncryptableCodecHandler: [nioEventLoopGroup-4-4] Write handshake unit
	09-14 10:14:36.745  5687  5780 V WZPEncryptableCodecHandler: [nioEventLoopGroup-4-4] Write finish
	09-14 10:14:36.745  5687  5780 V WZPEncryptableCodecHandler: [nioEventLoopGroup-4-4] Handshake result: continue
	09-14 10:14:36.745  5687  5780 W AddressConnectTracer: [Thread-16] Connect success 59.111.182.48/59.111.182.48:9801
	09-14 10:14:36.746  1862  5738 D CompatibilityInfo: mCompatibilityFlags - 0
	09-14 10:14:36.746  1862  5738 D CompatibilityInfo: applicationDensity - 440
	09-14 10:14:36.746  1862  5738 D CompatibilityInfo: applicationScale - 1.0
	09-14 10:14:36.748   794 12432 I /vendor/bin/hw/vendor.qti.hardware.servicetracker@1.1-service: startService() is called for servicecom.netease.yanxuan/com.netease.deviceid.jni.EmulatorCheckService
	09-14 10:14:36.755  5687  5687 D ForceDarkHelper: updateByCheckExcludeList: pkg: com.netease.yanxuan activity: com.netease.yanxuan.module.mainpage.activity.MainPageActivity@c645f1c
	09-14 10:14:36.757  5687  5780 W AddressConnectTracer: [Thread-16] Channel initialize start 59.111.182.48/59.111.182.48:9801
	09-14 10:14:36.759  5687  5789 D YanXuan : wzp request end...
	09-14 10:14:36.760  5687  5780 W AddressConnectTracer: [Thread-16] Channel initialize finish 59.111.182.48/59.111.182.48:9801
	09-14 10:14:36.765  5687  5780 W AddressConnectTracer: [Thread-16] New channel is created for address: AddressUnit{cacheId=':12:137', list=[59.111.182.48/59.111.182.48:9801], address=59.111.182.48/59.111.182.48:9801}
	09-14 10:14:36.773  5687  5780 V WZP     : [Thread-16] Start init channel
	09-14 10:14:36.774  5687  5780 V WZP     : [Thread-16] Init channel finish
	09-14 10:14:36.774  5687  5780 V WZPEncryptableCodecHandler: [nioEventLoopGroup-4-3] Receive EncryptHandshakeRequestEvent
	09-14 10:14:36.774  5687  5780 V WZPEncryptableCodecHandler: [nioEventLoopGroup-4-3] Write handshake unit
	09-14 10:14:36.775  5687  5780 V WZPEncryptableCodecHandler: [nioEventLoopGroup-4-3] Write finish
	09-14 10:14:36.775  5687  5780 V WZPChannel: [Thread-12] Start sending request #11
	09-14 10:14:36.775  5687  5780 V WZPEncryptableCodecHandler: [nioEventLoopGroup-4-3] Handshake result: continue
	09-14 10:14:36.776  5687  5780 V WZPChannel: [Thread-17] Start sending request #12
	09-14 10:14:36.776  5687  5780 V WZPChannel: [Thread-15] Start sending request #13
	09-14 10:14:36.776  5687  5780 V WZPChannel: [Thread-13] Get response of unit #8
	09-14 10:14:36.776  5687  5780 V DefaultProfiler: [nioEventLoopGroup-4-2] Save trace: RecordItem{traceId='checkConfig-269fba9aa6d252f501169f808d9e77b5', address='59.111.182.48/59.111.182.48:9801', name='wzp', records=[Record{time=1631585676666, info='startTrace', timeSpent=0}, Record{time=1631585676666, info='write start', timeSpent=0}, Record{time=1631585676674, info='write finish', timeSpent=8}, Record{time=1631585676697, info='continueTrace', timeSpent=23}, Record{time=1631585676697, info='channelRead start', timeSpent=0}, Record{time=1631585676697, info='channelRead finish', timeSpent=0}, Record{time=1631585676697, info='stopTrace', timeSpent=0}], locate='', appId=12}
	09-14 10:14:36.776  5687  5780 V RecordStore: [wzp-profiler-save-3-1] Ignored by filter. checkConfig-269fba9aa6d252f501169f808d9e77b5
	09-14 10:14:36.777  5687  5780 V RecordStore: [wzp-profiler-save-3-1] Ignored by filter. checkConfig-269fba9aa6d252f501169f808d9e77b5
	09-14 10:14:36.777  5687  5780 V DefaultProfiler: [wzp-profiler-save-3-1] Handled by instantStore, traceId checkConfig-269fba9aa6d252f501169f808d9e77b5
	09-14 10:14:36.778  5687  5780 V WZPChannel: [Thread-16] Start sending request #14
	09-14 10:14:36.778  5687  5687 D ForceDarkHelper: updateByCheckExcludeList: pkg: com.netease.yanxuan activity: com.netease.yanxuan.module.mainpage.activity.MainPageActivity@c645f1c
	09-14 10:14:36.778  5687  5780 V WZPChannel: [Thread-12] Get response of unit #11
	09-14 10:14:36.778  5687  5780 V DefaultProfiler: [nioEventLoopGroup-4-4] Save trace: RecordItem{traceId='1#yanxuan-android#1631585676667#bMPryRfS', address='59.111.182.48/59.111.182.48:9801', name='wzp', records=[Record{time=1631585676688, info='startTrace', timeSpent=0}, Record{time=1631585676688, info='write start', timeSpent=0}, Record{time=1631585676688, info='write finish', timeSpent=0}, Record{time=1631585676717, info='continueTrace', timeSpent=29}, Record{time=1631585676717, info='channelRead start', timeSpent=0}, Record{time=1631585676717, info='channelRead finish', timeSpent=0}, Record{time=1631585676717, info='stopTrace', timeSpent=0}], locate='', appId=12}
	09-14 10:14:36.779  5687  5780 V DefaultProfiler: [nioEventLoopGroup-4-2] Save trace: RecordItem{traceId='checkConfig-24fb10632e88e6fc89c02c8b9d890b93', address='59.111.182.48/59.111.182.48:9801', name='wzp', records=[Record{time=1631585676677, info='startTrace', timeSpent=0}, Record{time=1631585676677, info='write start', timeSpent=0}, Record{time=1631585676679, info='write finish', timeSpent=2}, Record{time=1631585676717, info='continueTrace', timeSpent=38}, Record{time=1631585676717, info='channelRead start', timeSpent=0}, Record{time=1631585676717, info='channelRead finish', timeSpent=0}, Record{time=1631585676717, info='stopTrace', timeSpent=0}], locate='', appId=12}
	09-14 10:14:36.779  5687  5780 V RecordStore: [wzp-profiler-save-3-1] Ignored by filter. 1#yanxuan-android#1631585676667#bMPryRfS
	09-14 10:14:36.780  5687  5780 V RecordStore: [wzp-profiler-save-3-1] Ignored by filter. 1#yanxuan-android#1631585676667#bMPryRfS
	09-14 10:14:36.780  5687  5780 V DefaultProfiler: [wzp-profiler-save-3-1] Handled by instantStore, traceId 1#yanxuan-android#1631585676667#bMPryRfS
	09-14 10:14:36.780  5687  5780 V RecordStore: [wzp-profiler-save-3-1] Ignored by filter. checkConfig-24fb10632e88e6fc89c02c8b9d890b93
	09-14 10:14:36.780  5687  5780 V RecordStore: [wzp-profiler-save-3-1] Ignored by filter. checkConfig-24fb10632e88e6fc89c02c8b9d890b93
	09-14 10:14:36.780  5687  5780 V DefaultProfiler: [wzp-profiler-save-3-1] Handled by instantStore, traceId checkConfig-24fb10632e88e6fc89c02c8b9d890b93
	09-14 10:14:36.780  5687  5780 V WZPChannel: [Thread-15] Get response of unit #13
	09-14 10:14:36.781  5687  5780 V DefaultProfiler: [nioEventLoopGroup-4-3] Save trace: RecordItem{traceId='getSimple-269fba9aa6d252f501169f808d9e77b5', address='59.111.182.48/59.111.182.48:9801', name='wzp', records=[Record{time=1631585676702, info='startTrace', timeSpent=0}, Record{time=1631585676702, info='write start', timeSpent=0}, Record{time=1631585676702, info='write finish', timeSpent=0}, Record{time=1631585676757, info='continueTrace', timeSpent=55}, Record{time=1631585676757, info='channelRead start', timeSpent=0}, Record{time=1631585676757, info='channelRead finish', timeSpent=0}, Record{time=1631585676757, info='stopTrace', timeSpent=0}], locate='', appId=12}
	09-14 10:14:36.781  5687  5780 V WZPChannel: [Thread-16] Get response of unit #14
	09-14 10:14:36.781  5687  5780 V RecordStore: [wzp-profiler-save-3-1] Ignored by filter. getSimple-269fba9aa6d252f501169f808d9e77b5
	09-14 10:14:36.781  5687  5780 V RecordStore: [wzp-profiler-save-3-1] Ignored by filter. getSimple-269fba9aa6d252f501169f808d9e77b5
	09-14 10:14:36.781  5687  5780 V DefaultProfiler: [wzp-profiler-save-3-1] Handled by instantStore, traceId getSimple-269fba9aa6d252f501169f808d9e77b5
	09-14 10:14:36.784  5687  5780 V DefaultProfiler: [nioEventLoopGroup-4-1] Save trace: RecordItem{traceId='checkConfig-8fda5ea23ca2323209b93db0b3c2a5b7', address='59.111.182.48/59.111.182.48:9801', name='wzp', records=[Record{time=1631585676686, info='startTrace', timeSpent=0}, Record{time=1631585676686, info='write start', timeSpent=0}, Record{time=1631585676687, info='write finish', timeSpent=1}, Record{time=1631585676783, info='continueTrace', timeSpent=96}, Record{time=1631585676783, info='channelRead start', timeSpent=0}, Record{time=1631585676783, info='channelRead finish', timeSpent=0}, Record{time=1631585676783, info='stopTrace', timeSpent=0}], locate='', appId=12}
	09-14 10:14:36.785  5687  5780 V WZPChannel: [Thread-17] Get response of unit #12
	09-14 10:14:36.785  5687  5780 V RecordStore: [wzp-profiler-save-3-1] Ignored by filter. checkConfig-8fda5ea23ca2323209b93db0b3c2a5b7
	09-14 10:14:36.785  5687  5780 V RecordStore: [wzp-profiler-save-3-1] Ignored by filter. checkConfig-8fda5ea23ca2323209b93db0b3c2a5b7
	09-14 10:14:36.785  5687  5780 V DefaultProfiler: [wzp-profiler-save-3-1] Handled by instantStore, traceId checkConfig-8fda5ea23ca2323209b93db0b3c2a5b7
	09-14 10:14:36.788  5687  5790 D YanXuan : wzp request end...
	09-14 10:14:36.788  5687  5687 D ForceDarkHelper: updateByCheckExcludeList: pkg: com.netease.yanxuan activity: com.netease.yanxuan.module.mainpage.activity.MainPageActivity@c645f1c
	09-14 10:14:36.829  5687  5687 I chatty  : uid=10312(com.netease.yanxuan) identical 6 lines
	09-14 10:14:36.843  5687  5687 D ForceDarkHelper: updateByCheckExcludeList: pkg: com.netease.yanxuan activity: com.netease.yanxuan.module.mainpage.activity.MainPageActivity@c645f1c
	09-14 10:14:36.844  5961  5961 I e.yanxuan:cach: The ClassLoaderContext is a special shared library.
	09-14 10:14:36.854  2512  2512 D NavBarTintController: onSampleCollected 1.0
	09-14 10:14:36.855  5687  5687 D ForceDarkHelper: updateByCheckExcludeList: pkg: com.netease.yanxuan activity: com.netease.yanxuan.module.mainpage.activity.MainPageActivity@c645f1c
	09-14 10:14:36.872  5687  5687 I chatty  : uid=10312(com.netease.yanxuan) identical 2 lines
	09-14 10:14:36.873  5687  5687 D ForceDarkHelper: updateByCheckExcludeList: pkg: com.netease.yanxuan activity: com.netease.yanxuan.module.mainpage.activity.MainPageActivity@c645f1c
	09-14 10:14:36.878  5961  5961 I Perf    : Connecting to perf service.
	09-14 10:14:36.886  5687  5687 D ForceDarkHelper: updateByCheckExcludeList: pkg: com.netease.yanxuan activity: com.netease.yanxuan.module.mainpage.activity.MainPageActivity@c645f1c
	09-14 10:14:36.888  5961  5961 D Tinker.TinkerLoader: tryLoad test test
	09-14 10:14:36.891  5961  5961 W Tinker.TinkerLoader: tryLoadPatchFiles:patch dir not exist:/data/user/0/com.netease.yanxuan/tinker
	09-14 10:14:36.892  5687  5687 D ForceDarkHelper: updateByCheckExcludeList: pkg: com.netease.yanxuan activity: com.netease.yanxuan.module.mainpage.activity.MainPageActivity@c645f1c
	09-14 10:14:36.896  5961  5961 W Tinker.Tinker: tinker patch directory: /data/user/0/com.netease.yanxuan/tinker
	09-14 10:14:36.896  5961  5961 I Tinker.Tinker: try to install tinker, isEnable: true, version: 1.9.14.17
	09-14 10:14:36.897  5961  5961 I Tinker.TinkerLoadResult: parseTinkerResult loadCode:-2, process name:com.netease.yanxuan:cache, main process:false, systemOTA:false, fingerPrint:Xiaomi/vangogh/vangogh:10/QKQ1.191222.002/V12.0.6.0.QJVCNXM:user/release-keys, oatDir:null, useInterpretMode:false
	09-14 10:14:36.897  5961  5961 W Tinker.TinkerLoadResult: can't find patch file, is ok, just return
	09-14 10:14:36.897  5961  5961 I Tinker.DefaultLoadReporter: patch loadReporter onLoadResult: patch load result, path:/data/user/0/com.netease.yanxuan/tinker, code: -2, cost: 3ms
	09-14 10:14:36.897  5961  5961 W Tinker.Tinker: tinker load fail!
	09-14 10:14:36.904  5961  5961 I FeatureParser: can't find vangogh.xml in assets/device_features/,it may be in /vendor/etc/device_features
	09-14 10:14:36.907  5687  5687 D ForceDarkHelper: updateByCheckExcludeList: pkg: com.netease.yanxuan activity: com.netease.yanxuan.module.mainpage.activity.MainPageActivity@c645f1c
	09-14 10:14:36.907  5687  5687 D ForceDarkHelper: updateByCheckExcludeList: pkg: com.netease.yanxuan activity: com.netease.yanxuan.module.mainpage.activity.MainPageActivity@c645f1c
	09-14 10:14:36.905  5961  5961 W e.yanxuan:cache: type=1400 audit(0.0:52815): avc: denied { read } for name="u:object_r:vendor_displayfeature_prop:s0" dev="tmpfs" ino=27557 scontext=u:r:untrusted_app:s0:c56,c257,c512,c768 tcontext=u:object_r:vendor_displayfeature_prop:s0 tclass=file permissive=0
	09-14 10:14:36.908  5961  5961 E libc    : Access denied finding property "ro.vendor.df.effect.conflict"
	09-14 10:14:36.914  5687  5687 D ForceDarkHelper: updateByCheckExcludeList: pkg: com.netease.yanxuan activity: com.netease.yanxuan.module.mainpage.activity.MainPageActivity@c645f1c
	09-14 10:14:36.919  5961  5961 I MMKV    : page size:4096
	09-14 10:14:36.919  5961  5961 I MMKV    : root dir: /data/user/0/com.netease.yanxuan/files/mmkv
	09-14 10:14:36.920  5961  5961 I MMKV    : loading [YanXuan] with 7278 size in total, file size is 8192
	09-14 10:14:36.920  5961  5961 I MMKV    : loading [YanXuan] with crc 4070653268 sequence 39
	09-14 10:14:36.920  5961  5961 I MMKV    : loaded [YanXuan] with 61 values
	09-14 10:14:36.926  5687  5687 D ForceDarkHelper: updateByCheckExcludeList: pkg: com.netease.yanxuan activity: com.netease.yanxuan.module.mainpage.activity.MainPageActivity@c645f1c
	09-14 10:14:36.928  5961  5961 V Collie  : mIsColdStarUp false
	09-14 10:14:36.939  5687  5687 D ForceDarkHelper: updateByCheckExcludeList: pkg: com.netease.yanxuan activity: com.netease.yanxuan.module.mainpage.activity.MainPageActivity@c645f1c
	09-14 10:14:36.946  5961  6025 I DynamiteModule: Considering local module com.google.android.gms.measurement.dynamite:17 and remote module com.google.android.gms.measurement.dynamite:0
	09-14 10:14:36.946  5961  6025 I DynamiteModule: Selected local version of com.google.android.gms.measurement.dynamite
	09-14 10:14:36.946  5961  5961 D NetworkSecurityConfig: No Network Security Config specified, using platform default
	09-14 10:14:36.947  5961  6025 E ActivityThread: Failed to find provider info for com.google.android.gms.chimera
	09-14 10:14:36.947  5961  6025 W DynamiteModule: Failed to retrieve remote module version.
	09-14 10:14:36.948  5961  6025 W GooglePlayServicesUtil: Google Play Store is missing.
	09-14 10:14:36.952  5687  5687 D ForceDarkHelper: updateByCheckExcludeList: pkg: com.netease.yanxuan activity: com.netease.yanxuan.module.mainpage.activity.MainPageActivity@c645f1c
	09-14 10:14:36.959  5961  5961 D SoLoader: init start
	09-14 10:14:36.959  5961  5961 D SoLoader: adding system library source: /vendor/lib
	09-14 10:14:36.959  5961  5961 D SoLoader: adding system library source: /system/lib
	09-14 10:14:36.960  5961  5961 D SoLoader: adding application source: com.facebook.soloader.DirectorySoSource[root = /data/app/com.netease.yanxuan-YLeR3gwwgd3DyIUBNJZ8cA==/lib/arm64 flags = 0]
	09-14 10:14:36.960  5961  5961 D SoLoader: adding backup  source: com.facebook.soloader.ApkSoSource[root = /data/data/com.netease.yanxuan/lib-main flags = 1]
	09-14 10:14:36.960  5961  5961 D SoLoader: Preparing SO source: com.facebook.soloader.DirectorySoSource[root = /system/lib flags = 2]
	09-14 10:14:36.960  5961  5961 D SoLoader: Preparing SO source: com.facebook.soloader.DirectorySoSource[root = /vendor/lib flags = 2]
	09-14 10:14:36.960  5961  5961 D SoLoader: Preparing SO source: com.facebook.soloader.DirectorySoSource[root = /data/app/com.netease.yanxuan-YLeR3gwwgd3DyIUBNJZ8cA==/lib/arm64 flags = 0]
	09-14 10:14:36.960  5961  5961 D SoLoader: Preparing SO source: com.facebook.soloader.ApkSoSource[root = /data/data/com.netease.yanxuan/lib-main flags = 1]
	09-14 10:14:36.960  5961  5961 V fb-UnpackingSoSource: locked dso store /data/user/0/com.netease.yanxuan/lib-main
	09-14 10:14:36.961  5961  5961 I fb-UnpackingSoSource: dso store is up-to-date: /data/user/0/com.netease.yanxuan/lib-main
	09-14 10:14:36.961  5961  5961 V fb-UnpackingSoSource: releasing dso store lock for /data/user/0/com.netease.yanxuan/lib-main
	09-14 10:14:36.961  5961  5961 D SoLoader: init finish: 4 SO sources prepared
	09-14 10:14:36.961  5961  5961 D SoLoader: init exiting
	09-14 10:14:36.965  5961  6028 I FA      : App measurement initialized, version: 31049
	09-14 10:14:36.965  5961  6028 I FA      : To enable debug logging run: adb shell setprop log.tag.FA VERBOSE
	09-14 10:14:36.965  5961  6028 I FA      : To enable faster debug mode event logging run:
	09-14 10:14:36.965  5961  6028 I FA      :   adb shell setprop debug.firebase.analytics.app com.netease.yanxuan
	09-14 10:14:36.965  5687  5687 D ForceDarkHelper: updateByCheckExcludeList: pkg: com.netease.yanxuan activity: com.netease.yanxuan.module.mainpage.activity.MainPageActivity@c645f1c
	09-14 10:14:36.969  5687  5687 I chatty  : uid=10312(com.netease.yanxuan) identical 12 lines
	09-14 10:14:36.969  5687  5687 D ForceDarkHelper: updateByCheckExcludeList: pkg: com.netease.yanxuan activity: com.netease.yanxuan.module.mainpage.activity.MainPageActivity@c645f1c
	09-14 10:14:36.969  2512  2512 D NavBarTintController: onSampleCollected 1.0
	09-14 10:14:36.974  5961  5961 I MMKV    : loading [SplashActivityModule] with 834 size in total, file size is 4096
	09-14 10:14:36.974  5961  5961 I MMKV    : loading [SplashActivityModule] with crc 2551599884 sequence 8
	09-14 10:14:36.974  5961  5961 I MMKV    : loaded [SplashActivityModule] with 2 values
	09-14 10:14:36.983  5961  5961 D Tinker.TinkerLoader: [PendingLog @ 2021-09-14 10:14:36.888] tryLoad test test
	09-14 10:14:36.983  5961  5961 W Tinker.TinkerLoader: [PendingLog @ 2021-09-14 10:14:36.891] tryLoadPatchFiles:patch dir not exist:/data/user/0/com.netease.yanxuan/tinker
	09-14 10:14:36.984  5687  5687 D ForceDarkHelper: updateByCheckExcludeList: pkg: com.netease.yanxuan activity: com.netease.yanxuan.module.mainpage.activity.MainPageActivity@c645f1c
	09-14 10:14:36.986  5961  5961 W Tinker.UpgradePatchRetry: onPatchRetryLoad retry disabled, just return
	09-14 10:14:36.988   649  6043 E ResolverController: No valid NAT64 prefix (116, <unspecified>/0)
	09-14 10:14:36.990  5961  6028 W FA      : Failed to retrieve Firebase Instance Id
	09-14 10:14:36.999  5687  5687 D ForceDarkHelper: updateByCheckExcludeList: pkg: com.netease.yanxuan activity: com.netease.yanxuan.module.mainpage.activity.MainPageActivity@c645f1c
	09-14 10:14:37.000  1862  3249 W DevicePolicyManager: Package com.netease.yanxuan (uid=10312, pid=5961) cannot access Device IDs
	09-14 10:14:37.001  2875  3534 W TelephonyPermissions: reportAccessDeniedToReadIdentifiers:com.netease.yanxuan:getDeviceId:isPreinstalled=false:isPrivApp=false
	09-14 10:14:37.008  5687  5687 D ForceDarkHelper: updateByCheckExcludeList: pkg: com.netease.yanxuan activity: com.netease.yanxuan.module.mainpage.activity.MainPageActivity@c645f1c
	09-14 10:14:37.008  5687  5687 I chatty  : uid=10312(com.netease.yanxuan) identical 1 line
	09-14 10:14:37.020  5687  5687 D ForceDarkHelper: updateByCheckExcludeList: pkg: com.netease.yanxuan activity: com.netease.yanxuan.module.mainpage.activity.MainPageActivity@c645f1c
	09-14 10:14:37.021  5961  6028 W GooglePlayServicesUtil: Google Play Store is missing.
	09-14 10:14:37.021  5961  6028 W FA      : Service invalid
	09-14 10:14:37.023   794 12432 I /vendor/bin/hw/vendor.qti.hardware.servicetracker@1.1-service: bindService is called for service : com.netease.yanxuan/com.google.android.gms.measurement.AppMeasurementService and for client com.netease.yanxuan:cache
	09-14 10:14:37.023   794 12432 I /vendor/bin/hw/vendor.qti.hardware.servicetracker@1.1-service: total connections for service : com.netease.yanxuan/com.google.android.gms.measurement.AppMeasurementServiceare :2
	09-14 10:14:37.023   794 12432 I /vendor/bin/hw/vendor.qti.hardware.servicetracker@1.1-service: total connections for client : com.netease.yanxuan:cacheare :1
	09-14 10:14:37.026  5961  6028 W FA      : Failed to retrieve Firebase Instance Id
	09-14 10:14:37.033  5687  5687 D ForceDarkHelper: updateByCheckExcludeList: pkg: com.netease.yanxuan activity: com.netease.yanxuan.module.mainpage.activity.MainPageActivity@c645f1c
	09-14 10:14:37.036  5961  6028 W FA      : Failed to retrieve Firebase Instance Id
	09-14 10:14:37.049  5961  6028 W FA      : Failed to retrieve Firebase Instance Id
	09-14 10:14:37.050  5687  5687 D ForceDarkHelper: updateByCheckExcludeList: pkg: com.netease.yanxuan activity: com.netease.yanxuan.module.mainpage.activity.MainPageActivity@c645f1c
	09-14 10:14:37.063  5687  5687 I chatty  : uid=10312(com.netease.yanxuan) identical 24 lines
	09-14 10:14:37.063  5687  5687 D ForceDarkHelper: updateByCheckExcludeList: pkg: com.netease.yanxuan activity: com.netease.yanxuan.module.mainpage.activity.MainPageActivity@c645f1c
	09-14 10:14:37.067  5961  6028 W FA      : Failed to retrieve Firebase Instance Id
	09-14 10:14:37.071  5687  5687 D ForceDarkHelper: updateByCheckExcludeList: pkg: com.netease.yanxuan activity: com.netease.yanxuan.module.mainpage.activity.MainPageActivity@c645f1c
	09-14 10:14:37.074  5687  5687 I chatty  : uid=10312(com.netease.yanxuan) identical 3 lines
	09-14 10:14:37.075  5687  5687 D ForceDarkHelper: updateByCheckExcludeList: pkg: com.netease.yanxuan activity: com.netease.yanxuan.module.mainpage.activity.MainPageActivity@c645f1c
	09-14 10:14:37.076  5687  5687 E libEGL  : call to OpenGL ES API with no current context (logged once per thread)
	09-14 10:14:37.077  5687  5687 D ForceDarkHelper: updateByCheckExcludeList: pkg: com.netease.yanxuan activity: com.netease.yanxuan.module.mainpage.activity.MainPageActivity@c645f1c
	09-14 10:14:37.081  5687  5687 I chatty  : uid=10312(com.netease.yanxuan) identical 9 lines
	09-14 10:14:37.082  5687  5687 D ForceDarkHelper: updateByCheckExcludeList: pkg: com.netease.yanxuan activity: com.netease.yanxuan.module.mainpage.activity.MainPageActivity@c645f1c
	09-14 10:14:37.083  5961  6028 W FA      : Failed to retrieve Firebase Instance Id
	09-14 10:14:37.085  5687  5687 D ForceDarkHelper: updateByCheckExcludeList: pkg: com.netease.yanxuan activity: com.netease.yanxuan.module.mainpage.activity.MainPageActivity@c645f1c
	09-14 10:14:37.087  5687  5687 I chatty  : uid=10312(com.netease.yanxuan) identical 4 lines
	09-14 10:14:37.087  5687  5687 D ForceDarkHelper: updateByCheckExcludeList: pkg: com.netease.yanxuan activity: com.netease.yanxuan.module.mainpage.activity.MainPageActivity@c645f1c
	09-14 10:14:37.087  2512  2512 D NavBarTintController: onSampleCollected 1.0
	09-14 10:14:37.088  5687  5687 D ForceDarkHelper: updateByCheckExcludeList: pkg: com.netease.yanxuan activity: com.netease.yanxuan.module.mainpage.activity.MainPageActivity@c645f1c
	09-14 10:14:37.090  5687  5687 W EventBus: Please donot register with same enum priority
	09-14 10:14:37.091  5687  5687 I chatty  : uid=10312(com.netease.yanxuan) identical 19 lines
	09-14 10:14:37.091  5687  5687 W EventBus: Please donot register with same enum priority
	09-14 10:14:37.093  5687  5687 D ForceDarkHelper: updateByCheckExcludeList: pkg: com.netease.yanxuan activity: com.netease.yanxuan.module.mainpage.activity.MainPageActivity@c645f1c
	09-14 10:14:37.105  5687  5687 I chatty  : uid=10312(com.netease.yanxuan) identical 6 lines
	09-14 10:14:37.105  5687  5687 D ForceDarkHelper: updateByCheckExcludeList: pkg: com.netease.yanxuan activity: com.netease.yanxuan.module.mainpage.activity.MainPageActivity@c645f1c
	09-14 10:14:37.106  5961  6028 W FA      : Failed to retrieve Firebase Instance Id
	09-14 10:14:37.108  5687  5687 D ForceDarkHelper: updateByCheckExcludeList: pkg: com.netease.yanxuan activity: com.netease.yanxuan.module.mainpage.activity.MainPageActivity@c645f1c
	09-14 10:14:37.110  5687  5687 I chatty  : uid=10312(com.netease.yanxuan) identical 6 lines
	09-14 10:14:37.110  5687  5687 D ForceDarkHelper: updateByCheckExcludeList: pkg: com.netease.yanxuan activity: com.netease.yanxuan.module.mainpage.activity.MainPageActivity@c645f1c
	09-14 10:14:37.118  5687  5801 I NetworkUtil: network is available.
	09-14 10:14:37.121  1862  1920 W DevicePolicyManager: Package com.netease.yanxuan (uid=10312, pid=5687) cannot access Device IDs
	09-14 10:14:37.122  2875  3534 W TelephonyPermissions: reportAccessDeniedToReadIdentifiers:com.netease.yanxuan:getDeviceId:isPreinstalled=false:isPrivApp=false
	09-14 10:14:37.124  5687  5780 V WZPChannel: [yxs-upload] Start sending request #15
	09-14 10:14:37.125  5961  6028 W FA      : Failed to retrieve Firebase Instance Id
	09-14 10:14:37.129  5687  5780 V WZPChannel: [yxs-upload] Get response of unit #15



# /data/tombstones



如果手机没有 Root，那么需要借助 adb bugreport 命令进行抓取（官网 - 使用 adb 获取错误报告（需翻墙））
如果是安卓7.0以下，那么不支持将其打包成zip

	  $ adb bugreport ./
	Failed to get bugreportz version: 'bugreportz -v' returned '/system/bin/sh: bugreportz: not found' (code 0).
	If the device does not run Android 7.0 or above, try 'adb bugreport' instead.


直接运行 adb bugreport 会将全部报告输出到控制台（内容很多，不便查看）
可以将其输出到指定文件中，方便查阅（报告内容比较多，可能要等一会才执行完）

	  $ adb bugreport > bugreport.txt
	Failed to get bugreportz version, which is only available on devices running Android 7.0 or later.
	Trying a plain-text bug report instead.
 

 
 
###  https://wufengxue.github.io/2020/06/22/wechat-voice-codec-SEGV_MAPERR.html  有效参考分析工具 

###  https://developer.android.com/ndk/guides/ndk-stack
